// Jest Snapshot v1, https://goo.gl/fbAQLP

exports[`Should render EditExpensePage 1`] = `
<div>
  <ExpenseForm
    expense={
      Object {
        "amount": 200,
        "createdAt": 345600000,
        "description": "Gum",
        "id": "2",
        "note": "",
      }
    }
    onSubmit={[Function]}
  />
  <button
    onClick={[Function]}
    type="button"
  >
    Remove Expense
  </button>
</div>
`;
