// Jest Snapshot v1, https://goo.gl/fbAQLP

exports[`Should render ExpenseList component 1`] = `
<div>
  <h1>
    Expense List
  </h1>
  <ul>
    <Connect(ExpenseListItem)
      amount={2000000}
      createdAt={0}
      description="Car"
      id="1"
      key="1"
      note=""
    />
    <Connect(ExpenseListItem)
      amount={200}
      createdAt={345600000}
      description="Gum"
      id="2"
      key="2"
      note=""
    />
    <Connect(ExpenseListItem)
      amount={400}
      createdAt={-345600000}
      description="Burrito"
      id="1"
      key="1"
      note=""
    />
  </ul>
</div>
`;

exports[`Should render expense list with no expenses 1`] = `
<div>
  <h1>
    Expense List
  </h1>
  <p>
    There are no Expenses
  </p>
</div>
`;
